// Jest Snapshot v1, https://goo.gl/fbAQLP

exports[`Layer  Created 1`] = `
Object {
  "Outputs": Object {
    "LatestLayerArn": Object {
      "Export": Object {
        "Name": "AWSLambdaPowertoolsTypeScript",
      },
      "Value": Object {
        "Ref": "LambdaPowertoolsLayer733361E9",
      },
    },
  },
  "Parameters": Object {
    "BootstrapVersion": Object {
      "Default": "/cdk-bootstrap/hnb659fds/version",
      "Description": "Version of the CDK Bootstrap resources in this environment, automatically retrieved from SSM Parameter Store. [cdk:skip]",
      "Type": "AWS::SSM::Parameter::Value<String>",
    },
  },
  "Resources": Object {
    "LambdaPowertoolsLayer733361E9": Object {
      "DeletionPolicy": "Retain",
      "Properties": Object {
        "CompatibleRuntimes": Array [
          "nodejs12.x",
          "nodejs14.x",
          "nodejs16.x",
        ],
        "Content": Object {
          "S3Bucket": Object {
            "Fn::Sub": "cdk-hnb659fds-assets-\${AWS::AccountId}-\${AWS::Region}",
          },
          "S3Key": "bf45792cd373a96ae12531e4c439b9ff0d33d3435dd7ec9647736176d26ddc86.zip",
        },
        "Description": "Lambda Powertools for TypeScript version 1.0.1",
        "LayerName": "AWSLambdaPowertoolsTypeScript",
        "LicenseInfo": "MIT-0",
      },
      "Type": "AWS::Lambda::LayerVersion",
      "UpdateReplacePolicy": "Retain",
    },
    "PublicLayerAccess": Object {
      "DeletionPolicy": "Retain",
      "Properties": Object {
        "Action": "lambda:GetLayerVersion",
        "LayerVersionArn": Object {
          "Ref": "LambdaPowertoolsLayer733361E9",
        },
        "Principal": "*",
      },
      "Type": "AWS::Lambda::LayerVersionPermission",
      "UpdateReplacePolicy": "Retain",
    },
    "VersionArn99E177D3": Object {
      "Properties": Object {
        "Name": "/layers/powertools-layer-arn",
        "Type": "String",
        "Value": Object {
          "Ref": "LambdaPowertoolsLayer733361E9",
        },
      },
      "Type": "AWS::SSM::Parameter",
    },
  },
  "Rules": Object {
    "CheckBootstrapVersion": Object {
      "Assertions": Array [
        Object {
          "Assert": Object {
            "Fn::Not": Array [
              Object {
                "Fn::Contains": Array [
                  Array [
                    "1",
                    "2",
                    "3",
                    "4",
                    "5",
                  ],
                  Object {
                    "Ref": "BootstrapVersion",
                  },
                ],
              },
            ],
          },
          "AssertDescription": "CDK bootstrap stack version 6 required. Please run 'cdk bootstrap' with a recent version of the CDK CLI.",
        },
      ],
    },
  },
}
`;
